// Jest Snapshot v1, https://goo.gl/fbAQLP

exports[`CooniBtn shared component test component and snapshot matches 1`] = `ShallowWrapper {}`;

exports[`CooniBtn shared component test component onClick function has to be added and work to make the count 2 1`] = `ShallowWrapper {}`;
