// Jest Snapshot v1, https://goo.gl/fbAQLP

exports[`TxtInputLabel component test component matches with its snapshot 1`] = `ShallowWrapper {}`;
