// Jest Snapshot v1, https://goo.gl/fbAQLP

exports[`Members page DOM rendering test Members page has to be matched to snapshot 1`] = `ShallowWrapper {}`;
