// Jest Snapshot v1, https://goo.gl/fbAQLP

exports[`Tab1 page DOM rendering test Home page has to be matched to snapshot 1`] = `ShallowWrapper {}`;
